running egg_info
writing ../build/webots_ros2_homework1_python/webots_ros2_homework1_python.egg-info/PKG-INFO
writing dependency_links to ../build/webots_ros2_homework1_python/webots_ros2_homework1_python.egg-info/dependency_links.txt
writing entry points to ../build/webots_ros2_homework1_python/webots_ros2_homework1_python.egg-info/entry_points.txt
writing requirements to ../build/webots_ros2_homework1_python/webots_ros2_homework1_python.egg-info/requires.txt
writing top-level names to ../build/webots_ros2_homework1_python/webots_ros2_homework1_python.egg-info/top_level.txt
reading manifest file '../build/webots_ros2_homework1_python/webots_ros2_homework1_python.egg-info/SOURCES.txt'
writing manifest file '../build/webots_ros2_homework1_python/webots_ros2_homework1_python.egg-info/SOURCES.txt'
running build
running build_py
running install
running install_lib
running install_data
copying launch/f23_robotics_1_launch.py -> /home/gabe/cs460_proj3/install/webots_ros2_homework1_python/share/webots_ros2_homework1_python/launch
copying worlds/maze1_smallest.wbt -> /home/gabe/cs460_proj3/install/webots_ros2_homework1_python/share/webots_ros2_homework1_python/worlds
running install_egg_info
removing '/home/gabe/cs460_proj3/install/webots_ros2_homework1_python/lib/python3.10/site-packages/webots_ros2_homework1_python-0.0.0-py3.10.egg-info' (and everything under it)
Copying ../build/webots_ros2_homework1_python/webots_ros2_homework1_python.egg-info to /home/gabe/cs460_proj3/install/webots_ros2_homework1_python/lib/python3.10/site-packages/webots_ros2_homework1_python-0.0.0-py3.10.egg-info
running install_scripts
Installing webots_ros2_homework1_python script to /home/gabe/cs460_proj3/install/webots_ros2_homework1_python/lib/webots_ros2_homework1_python
writing list of installed files to '/home/gabe/cs460_proj3/build/webots_ros2_homework1_python/install.log'
