[0.697s] Invoking command in '/home/gabe/cs460_proj3/webots_ros2_homework1_python': PYTHONPATH=/home/gabe/cs460_proj3/build/webots_ros2_homework1_python/prefix_override:/usr/lib/python3/dist-packages/colcon_core/task/python/colcon_distutils_commands:/home/gabe/cs460_proj3/install/webots_ros2_homework1_python/lib/python3.10/site-packages:${PYTHONPATH} /usr/bin/python3 -W ignore:setup.py install is deprecated setup.py egg_info --egg-base ../build/webots_ros2_homework1_python build --build-base /home/gabe/cs460_proj3/build/webots_ros2_homework1_python/build install --record /home/gabe/cs460_proj3/build/webots_ros2_homework1_python/install.log --single-version-externally-managed install_data
[0.938s] running egg_info
[0.939s] writing ../build/webots_ros2_homework1_python/webots_ros2_homework1_python.egg-info/PKG-INFO
[0.939s] writing dependency_links to ../build/webots_ros2_homework1_python/webots_ros2_homework1_python.egg-info/dependency_links.txt
[0.939s] writing entry points to ../build/webots_ros2_homework1_python/webots_ros2_homework1_python.egg-info/entry_points.txt
[0.939s] writing requirements to ../build/webots_ros2_homework1_python/webots_ros2_homework1_python.egg-info/requires.txt
[0.939s] writing top-level names to ../build/webots_ros2_homework1_python/webots_ros2_homework1_python.egg-info/top_level.txt
[0.941s] reading manifest file '../build/webots_ros2_homework1_python/webots_ros2_homework1_python.egg-info/SOURCES.txt'
[0.942s] writing manifest file '../build/webots_ros2_homework1_python/webots_ros2_homework1_python.egg-info/SOURCES.txt'
[0.942s] running build
[0.942s] running build_py
[0.942s] running install
[0.943s] running install_lib
[0.945s] running install_data
[0.945s] copying launch/f23_robotics_1_launch.py -> /home/gabe/cs460_proj3/install/webots_ros2_homework1_python/share/webots_ros2_homework1_python/launch
[0.945s] running install_egg_info
[0.947s] removing '/home/gabe/cs460_proj3/install/webots_ros2_homework1_python/lib/python3.10/site-packages/webots_ros2_homework1_python-0.0.0-py3.10.egg-info' (and everything under it)
[0.947s] Copying ../build/webots_ros2_homework1_python/webots_ros2_homework1_python.egg-info to /home/gabe/cs460_proj3/install/webots_ros2_homework1_python/lib/python3.10/site-packages/webots_ros2_homework1_python-0.0.0-py3.10.egg-info
[0.948s] running install_scripts
[0.967s] Installing webots_ros2_homework1_python script to /home/gabe/cs460_proj3/install/webots_ros2_homework1_python/lib/webots_ros2_homework1_python
[0.967s] writing list of installed files to '/home/gabe/cs460_proj3/build/webots_ros2_homework1_python/install.log'
[0.993s] Invoked command in '/home/gabe/cs460_proj3/webots_ros2_homework1_python' returned '0': PYTHONPATH=/home/gabe/cs460_proj3/build/webots_ros2_homework1_python/prefix_override:/usr/lib/python3/dist-packages/colcon_core/task/python/colcon_distutils_commands:/home/gabe/cs460_proj3/install/webots_ros2_homework1_python/lib/python3.10/site-packages:${PYTHONPATH} /usr/bin/python3 -W ignore:setup.py install is deprecated setup.py egg_info --egg-base ../build/webots_ros2_homework1_python build --build-base /home/gabe/cs460_proj3/build/webots_ros2_homework1_python/build install --record /home/gabe/cs460_proj3/build/webots_ros2_homework1_python/install.log --single-version-externally-managed install_data
