[0.530s] Invoking command in '/home/gabe/f24_robotics/webots_ros2_homework1_python': PYTHONPATH=/home/gabe/f24_robotics/build/webots_ros2_homework1_python/prefix_override:/usr/lib/python3/dist-packages/colcon_core/task/python/colcon_distutils_commands:/home/gabe/f24_robotics/install/webots_ros2_homework1_python/lib/python3.10/site-packages:${PYTHONPATH} /usr/bin/python3 -W ignore:setup.py install is deprecated setup.py egg_info --egg-base ../build/webots_ros2_homework1_python build --build-base /home/gabe/f24_robotics/build/webots_ros2_homework1_python/build install --record /home/gabe/f24_robotics/build/webots_ros2_homework1_python/install.log --single-version-externally-managed install_data
[0.722s] running egg_info
[0.724s] creating ../build/webots_ros2_homework1_python/webots_ros2_homework1_python.egg-info
[0.724s] writing ../build/webots_ros2_homework1_python/webots_ros2_homework1_python.egg-info/PKG-INFO
[0.724s] writing dependency_links to ../build/webots_ros2_homework1_python/webots_ros2_homework1_python.egg-info/dependency_links.txt
[0.724s] writing entry points to ../build/webots_ros2_homework1_python/webots_ros2_homework1_python.egg-info/entry_points.txt
[0.724s] writing requirements to ../build/webots_ros2_homework1_python/webots_ros2_homework1_python.egg-info/requires.txt
[0.724s] writing top-level names to ../build/webots_ros2_homework1_python/webots_ros2_homework1_python.egg-info/top_level.txt
[0.724s] writing manifest file '../build/webots_ros2_homework1_python/webots_ros2_homework1_python.egg-info/SOURCES.txt'
[0.726s] reading manifest file '../build/webots_ros2_homework1_python/webots_ros2_homework1_python.egg-info/SOURCES.txt'
[0.726s] writing manifest file '../build/webots_ros2_homework1_python/webots_ros2_homework1_python.egg-info/SOURCES.txt'
[0.726s] running build
[0.727s] running build_py
[0.727s] creating /home/gabe/f24_robotics/build/webots_ros2_homework1_python/build
[0.727s] creating /home/gabe/f24_robotics/build/webots_ros2_homework1_python/build/lib
[0.727s] creating /home/gabe/f24_robotics/build/webots_ros2_homework1_python/build/lib/webots_ros2_homework1_python
[0.727s] copying webots_ros2_homework1_python/webots_ros2_homework1_python.py -> /home/gabe/f24_robotics/build/webots_ros2_homework1_python/build/lib/webots_ros2_homework1_python
[0.727s] copying webots_ros2_homework1_python/__init__.py -> /home/gabe/f24_robotics/build/webots_ros2_homework1_python/build/lib/webots_ros2_homework1_python
[0.727s] running install
[0.728s] running install_lib
[0.728s] creating /home/gabe/f24_robotics/install/webots_ros2_homework1_python/lib/python3.10/site-packages/webots_ros2_homework1_python
[0.728s] copying /home/gabe/f24_robotics/build/webots_ros2_homework1_python/build/lib/webots_ros2_homework1_python/webots_ros2_homework1_python.py -> /home/gabe/f24_robotics/install/webots_ros2_homework1_python/lib/python3.10/site-packages/webots_ros2_homework1_python
[0.728s] copying /home/gabe/f24_robotics/build/webots_ros2_homework1_python/build/lib/webots_ros2_homework1_python/__init__.py -> /home/gabe/f24_robotics/install/webots_ros2_homework1_python/lib/python3.10/site-packages/webots_ros2_homework1_python
[0.728s] byte-compiling /home/gabe/f24_robotics/install/webots_ros2_homework1_python/lib/python3.10/site-packages/webots_ros2_homework1_python/webots_ros2_homework1_python.py to webots_ros2_homework1_python.cpython-310.pyc
[0.730s] byte-compiling /home/gabe/f24_robotics/install/webots_ros2_homework1_python/lib/python3.10/site-packages/webots_ros2_homework1_python/__init__.py to __init__.cpython-310.pyc
[0.730s] running install_data
[0.731s] creating /home/gabe/f24_robotics/install/webots_ros2_homework1_python/share/ament_index
[0.731s] creating /home/gabe/f24_robotics/install/webots_ros2_homework1_python/share/ament_index/resource_index
[0.731s] creating /home/gabe/f24_robotics/install/webots_ros2_homework1_python/share/ament_index/resource_index/packages
[0.731s] copying resource/webots_ros2_homework1_python -> /home/gabe/f24_robotics/install/webots_ros2_homework1_python/share/ament_index/resource_index/packages
[0.731s] creating /home/gabe/f24_robotics/install/webots_ros2_homework1_python/share/webots_ros2_homework1_python/launch
[0.731s] copying launch/f23_robotics_1_launch.py -> /home/gabe/f24_robotics/install/webots_ros2_homework1_python/share/webots_ros2_homework1_python/launch
[0.731s] creating /home/gabe/f24_robotics/install/webots_ros2_homework1_python/share/webots_ros2_homework1_python/worlds
[0.731s] copying worlds/f23_robotics_1.wbt -> /home/gabe/f24_robotics/install/webots_ros2_homework1_python/share/webots_ros2_homework1_python/worlds
[0.731s] copying package.xml -> /home/gabe/f24_robotics/install/webots_ros2_homework1_python/share/webots_ros2_homework1_python
[0.731s] creating /home/gabe/f24_robotics/install/webots_ros2_homework1_python/share/webots_ros2_homework1_python/resource
[0.731s] copying resource/turtlebot_webots.urdf -> /home/gabe/f24_robotics/install/webots_ros2_homework1_python/share/webots_ros2_homework1_python/resource
[0.731s] copying resource/ros2control.yml -> /home/gabe/f24_robotics/install/webots_ros2_homework1_python/share/webots_ros2_homework1_python/resource
[0.731s] running install_egg_info
[0.733s] Copying ../build/webots_ros2_homework1_python/webots_ros2_homework1_python.egg-info to /home/gabe/f24_robotics/install/webots_ros2_homework1_python/lib/python3.10/site-packages/webots_ros2_homework1_python-0.0.0-py3.10.egg-info
[0.734s] running install_scripts
[0.751s] Installing webots_ros2_homework1_python script to /home/gabe/f24_robotics/install/webots_ros2_homework1_python/lib/webots_ros2_homework1_python
[0.751s] writing list of installed files to '/home/gabe/f24_robotics/build/webots_ros2_homework1_python/install.log'
[0.772s] Invoked command in '/home/gabe/f24_robotics/webots_ros2_homework1_python' returned '0': PYTHONPATH=/home/gabe/f24_robotics/build/webots_ros2_homework1_python/prefix_override:/usr/lib/python3/dist-packages/colcon_core/task/python/colcon_distutils_commands:/home/gabe/f24_robotics/install/webots_ros2_homework1_python/lib/python3.10/site-packages:${PYTHONPATH} /usr/bin/python3 -W ignore:setup.py install is deprecated setup.py egg_info --egg-base ../build/webots_ros2_homework1_python build --build-base /home/gabe/f24_robotics/build/webots_ros2_homework1_python/build install --record /home/gabe/f24_robotics/build/webots_ros2_homework1_python/install.log --single-version-externally-managed install_data
