[0.579s] Invoking command in '/home/gabe/cs460_proj3/webots_ros2_homework1_python': PYTHONPATH=/home/gabe/cs460_proj3/build/webots_ros2_homework1_python/prefix_override:/usr/lib/python3/dist-packages/colcon_core/task/python/colcon_distutils_commands:/home/gabe/cs460_proj3/install/webots_ros2_homework1_python/lib/python3.10/site-packages:${PYTHONPATH} /usr/bin/python3 -W ignore:setup.py install is deprecated setup.py egg_info --egg-base ../build/webots_ros2_homework1_python build --build-base /home/gabe/cs460_proj3/build/webots_ros2_homework1_python/build install --record /home/gabe/cs460_proj3/build/webots_ros2_homework1_python/install.log --single-version-externally-managed install_data
[0.803s] running egg_info
[0.805s] writing ../build/webots_ros2_homework1_python/webots_ros2_homework1_python.egg-info/PKG-INFO
[0.805s] writing dependency_links to ../build/webots_ros2_homework1_python/webots_ros2_homework1_python.egg-info/dependency_links.txt
[0.805s] writing entry points to ../build/webots_ros2_homework1_python/webots_ros2_homework1_python.egg-info/entry_points.txt
[0.805s] writing requirements to ../build/webots_ros2_homework1_python/webots_ros2_homework1_python.egg-info/requires.txt
[0.805s] writing top-level names to ../build/webots_ros2_homework1_python/webots_ros2_homework1_python.egg-info/top_level.txt
[0.808s] reading manifest file '../build/webots_ros2_homework1_python/webots_ros2_homework1_python.egg-info/SOURCES.txt'
[0.808s] writing manifest file '../build/webots_ros2_homework1_python/webots_ros2_homework1_python.egg-info/SOURCES.txt'
[0.808s] running build
[0.808s] running build_py
[0.809s] copying webots_ros2_homework1_python/webots_ros2_homework1_python.py -> /home/gabe/cs460_proj3/build/webots_ros2_homework1_python/build/lib/webots_ros2_homework1_python
[0.809s] running install
[0.809s] running install_lib
[0.810s] copying /home/gabe/cs460_proj3/build/webots_ros2_homework1_python/build/lib/webots_ros2_homework1_python/webots_ros2_homework1_python.py -> /home/gabe/cs460_proj3/install/webots_ros2_homework1_python/lib/python3.10/site-packages/webots_ros2_homework1_python
[0.810s] byte-compiling /home/gabe/cs460_proj3/install/webots_ros2_homework1_python/lib/python3.10/site-packages/webots_ros2_homework1_python/webots_ros2_homework1_python.py to webots_ros2_homework1_python.cpython-310.pyc
[0.812s] running install_data
[0.812s] copying launch/f23_robotics_1_launch.py -> /home/gabe/cs460_proj3/install/webots_ros2_homework1_python/share/webots_ros2_homework1_python/launch
[0.812s] running install_egg_info
[0.814s] removing '/home/gabe/cs460_proj3/install/webots_ros2_homework1_python/lib/python3.10/site-packages/webots_ros2_homework1_python-0.0.0-py3.10.egg-info' (and everything under it)
[0.814s] Copying ../build/webots_ros2_homework1_python/webots_ros2_homework1_python.egg-info to /home/gabe/cs460_proj3/install/webots_ros2_homework1_python/lib/python3.10/site-packages/webots_ros2_homework1_python-0.0.0-py3.10.egg-info
[0.814s] running install_scripts
[0.834s] Installing webots_ros2_homework1_python script to /home/gabe/cs460_proj3/install/webots_ros2_homework1_python/lib/webots_ros2_homework1_python
[0.834s] writing list of installed files to '/home/gabe/cs460_proj3/build/webots_ros2_homework1_python/install.log'
[0.857s] Invoked command in '/home/gabe/cs460_proj3/webots_ros2_homework1_python' returned '0': PYTHONPATH=/home/gabe/cs460_proj3/build/webots_ros2_homework1_python/prefix_override:/usr/lib/python3/dist-packages/colcon_core/task/python/colcon_distutils_commands:/home/gabe/cs460_proj3/install/webots_ros2_homework1_python/lib/python3.10/site-packages:${PYTHONPATH} /usr/bin/python3 -W ignore:setup.py install is deprecated setup.py egg_info --egg-base ../build/webots_ros2_homework1_python build --build-base /home/gabe/cs460_proj3/build/webots_ros2_homework1_python/build install --record /home/gabe/cs460_proj3/build/webots_ros2_homework1_python/install.log --single-version-externally-managed install_data
