[0.591s] Invoking command in '/home/gabe/cs460_proj3/webots_ros2_homework1_python': PYTHONPATH=/home/gabe/cs460_proj3/build/webots_ros2_homework1_python/prefix_override:/usr/lib/python3/dist-packages/colcon_core/task/python/colcon_distutils_commands:/home/gabe/cs460_proj3/install/webots_ros2_homework1_python/lib/python3.10/site-packages:${PYTHONPATH} /usr/bin/python3 -W ignore:setup.py install is deprecated setup.py egg_info --egg-base ../build/webots_ros2_homework1_python build --build-base /home/gabe/cs460_proj3/build/webots_ros2_homework1_python/build install --record /home/gabe/cs460_proj3/build/webots_ros2_homework1_python/install.log --single-version-externally-managed install_data
[0.810s] running egg_info
[0.811s] writing ../build/webots_ros2_homework1_python/webots_ros2_homework1_python.egg-info/PKG-INFO
[0.811s] writing dependency_links to ../build/webots_ros2_homework1_python/webots_ros2_homework1_python.egg-info/dependency_links.txt
[0.811s] writing entry points to ../build/webots_ros2_homework1_python/webots_ros2_homework1_python.egg-info/entry_points.txt
[0.811s] writing requirements to ../build/webots_ros2_homework1_python/webots_ros2_homework1_python.egg-info/requires.txt
[0.811s] writing top-level names to ../build/webots_ros2_homework1_python/webots_ros2_homework1_python.egg-info/top_level.txt
[0.813s] reading manifest file '../build/webots_ros2_homework1_python/webots_ros2_homework1_python.egg-info/SOURCES.txt'
[0.814s] writing manifest file '../build/webots_ros2_homework1_python/webots_ros2_homework1_python.egg-info/SOURCES.txt'
[0.814s] running build
[0.814s] running build_py
[0.814s] running install
[0.814s] running install_lib
[0.815s] running install_data
[0.816s] copying worlds/maze1_smallest.wbt -> /home/gabe/cs460_proj3/install/webots_ros2_homework1_python/share/webots_ros2_homework1_python/worlds
[0.816s] running install_egg_info
[0.818s] removing '/home/gabe/cs460_proj3/install/webots_ros2_homework1_python/lib/python3.10/site-packages/webots_ros2_homework1_python-0.0.0-py3.10.egg-info' (and everything under it)
[0.818s] Copying ../build/webots_ros2_homework1_python/webots_ros2_homework1_python.egg-info to /home/gabe/cs460_proj3/install/webots_ros2_homework1_python/lib/python3.10/site-packages/webots_ros2_homework1_python-0.0.0-py3.10.egg-info
[0.818s] running install_scripts
[0.837s] Installing webots_ros2_homework1_python script to /home/gabe/cs460_proj3/install/webots_ros2_homework1_python/lib/webots_ros2_homework1_python
[0.837s] writing list of installed files to '/home/gabe/cs460_proj3/build/webots_ros2_homework1_python/install.log'
[0.862s] Invoked command in '/home/gabe/cs460_proj3/webots_ros2_homework1_python' returned '0': PYTHONPATH=/home/gabe/cs460_proj3/build/webots_ros2_homework1_python/prefix_override:/usr/lib/python3/dist-packages/colcon_core/task/python/colcon_distutils_commands:/home/gabe/cs460_proj3/install/webots_ros2_homework1_python/lib/python3.10/site-packages:${PYTHONPATH} /usr/bin/python3 -W ignore:setup.py install is deprecated setup.py egg_info --egg-base ../build/webots_ros2_homework1_python build --build-base /home/gabe/cs460_proj3/build/webots_ros2_homework1_python/build install --record /home/gabe/cs460_proj3/build/webots_ros2_homework1_python/install.log --single-version-externally-managed install_data
