[0.554s] Invoking command in '/home/gabe/cs460_proj3/webots_ros2_homework1_python': PYTHONPATH=/home/gabe/cs460_proj3/build/webots_ros2_homework1_python/prefix_override:/usr/lib/python3/dist-packages/colcon_core/task/python/colcon_distutils_commands:/home/gabe/cs460_proj3/install/webots_ros2_homework1_python/lib/python3.10/site-packages:${PYTHONPATH} /usr/bin/python3 -W ignore:setup.py install is deprecated setup.py egg_info --egg-base ../build/webots_ros2_homework1_python build --build-base /home/gabe/cs460_proj3/build/webots_ros2_homework1_python/build install --record /home/gabe/cs460_proj3/build/webots_ros2_homework1_python/install.log --single-version-externally-managed install_data
[0.762s] running egg_info
[0.764s] writing ../build/webots_ros2_homework1_python/webots_ros2_homework1_python.egg-info/PKG-INFO
[0.764s] writing dependency_links to ../build/webots_ros2_homework1_python/webots_ros2_homework1_python.egg-info/dependency_links.txt
[0.764s] writing entry points to ../build/webots_ros2_homework1_python/webots_ros2_homework1_python.egg-info/entry_points.txt
[0.764s] writing requirements to ../build/webots_ros2_homework1_python/webots_ros2_homework1_python.egg-info/requires.txt
[0.765s] writing top-level names to ../build/webots_ros2_homework1_python/webots_ros2_homework1_python.egg-info/top_level.txt
[0.766s] reading manifest file '../build/webots_ros2_homework1_python/webots_ros2_homework1_python.egg-info/SOURCES.txt'
[0.767s] writing manifest file '../build/webots_ros2_homework1_python/webots_ros2_homework1_python.egg-info/SOURCES.txt'
[0.767s] running build
[0.767s] running build_py
[0.768s] copying webots_ros2_homework1_python/webots_ros2_homework1_python.py -> /home/gabe/cs460_proj3/build/webots_ros2_homework1_python/build/lib/webots_ros2_homework1_python
[0.768s] running install
[0.768s] running install_lib
[0.769s] copying /home/gabe/cs460_proj3/build/webots_ros2_homework1_python/build/lib/webots_ros2_homework1_python/webots_ros2_homework1_python.py -> /home/gabe/cs460_proj3/install/webots_ros2_homework1_python/lib/python3.10/site-packages/webots_ros2_homework1_python
[0.770s] byte-compiling /home/gabe/cs460_proj3/install/webots_ros2_homework1_python/lib/python3.10/site-packages/webots_ros2_homework1_python/webots_ros2_homework1_python.py to webots_ros2_homework1_python.cpython-310.pyc
[0.771s] running install_data
[0.771s] running install_egg_info
[0.773s] removing '/home/gabe/cs460_proj3/install/webots_ros2_homework1_python/lib/python3.10/site-packages/webots_ros2_homework1_python-0.0.0-py3.10.egg-info' (and everything under it)
[0.773s] Copying ../build/webots_ros2_homework1_python/webots_ros2_homework1_python.egg-info to /home/gabe/cs460_proj3/install/webots_ros2_homework1_python/lib/python3.10/site-packages/webots_ros2_homework1_python-0.0.0-py3.10.egg-info
[0.773s] running install_scripts
[0.791s] Installing webots_ros2_homework1_python script to /home/gabe/cs460_proj3/install/webots_ros2_homework1_python/lib/webots_ros2_homework1_python
[0.791s] writing list of installed files to '/home/gabe/cs460_proj3/build/webots_ros2_homework1_python/install.log'
[0.814s] Invoked command in '/home/gabe/cs460_proj3/webots_ros2_homework1_python' returned '0': PYTHONPATH=/home/gabe/cs460_proj3/build/webots_ros2_homework1_python/prefix_override:/usr/lib/python3/dist-packages/colcon_core/task/python/colcon_distutils_commands:/home/gabe/cs460_proj3/install/webots_ros2_homework1_python/lib/python3.10/site-packages:${PYTHONPATH} /usr/bin/python3 -W ignore:setup.py install is deprecated setup.py egg_info --egg-base ../build/webots_ros2_homework1_python build --build-base /home/gabe/cs460_proj3/build/webots_ros2_homework1_python/build install --record /home/gabe/cs460_proj3/build/webots_ros2_homework1_python/install.log --single-version-externally-managed install_data
