[0.634s] Invoking command in '/home/gabe/cs460_proj3/webots_ros2_homework1_python': PYTHONPATH=/home/gabe/cs460_proj3/build/webots_ros2_homework1_python/prefix_override:/usr/lib/python3/dist-packages/colcon_core/task/python/colcon_distutils_commands:/home/gabe/cs460_proj3/install/webots_ros2_homework1_python/lib/python3.10/site-packages:${PYTHONPATH} /usr/bin/python3 -W ignore:setup.py install is deprecated setup.py egg_info --egg-base ../build/webots_ros2_homework1_python build --build-base /home/gabe/cs460_proj3/build/webots_ros2_homework1_python/build install --record /home/gabe/cs460_proj3/build/webots_ros2_homework1_python/install.log --single-version-externally-managed install_data
[0.872s] running egg_info
[0.874s] writing ../build/webots_ros2_homework1_python/webots_ros2_homework1_python.egg-info/PKG-INFO
[0.875s] writing dependency_links to ../build/webots_ros2_homework1_python/webots_ros2_homework1_python.egg-info/dependency_links.txt
[0.875s] writing entry points to ../build/webots_ros2_homework1_python/webots_ros2_homework1_python.egg-info/entry_points.txt
[0.875s] writing requirements to ../build/webots_ros2_homework1_python/webots_ros2_homework1_python.egg-info/requires.txt
[0.875s] writing top-level names to ../build/webots_ros2_homework1_python/webots_ros2_homework1_python.egg-info/top_level.txt
[0.877s] reading manifest file '../build/webots_ros2_homework1_python/webots_ros2_homework1_python.egg-info/SOURCES.txt'
[0.878s] writing manifest file '../build/webots_ros2_homework1_python/webots_ros2_homework1_python.egg-info/SOURCES.txt'
[0.878s] running build
[0.878s] running build_py
[0.878s] running install
[0.878s] running install_lib
[0.879s] running install_data
[0.880s] running install_egg_info
[0.881s] removing '/home/gabe/cs460_proj3/install/webots_ros2_homework1_python/lib/python3.10/site-packages/webots_ros2_homework1_python-0.0.0-py3.10.egg-info' (and everything under it)
[0.881s] Copying ../build/webots_ros2_homework1_python/webots_ros2_homework1_python.egg-info to /home/gabe/cs460_proj3/install/webots_ros2_homework1_python/lib/python3.10/site-packages/webots_ros2_homework1_python-0.0.0-py3.10.egg-info
[0.882s] running install_scripts
[0.901s] Installing webots_ros2_homework1_python script to /home/gabe/cs460_proj3/install/webots_ros2_homework1_python/lib/webots_ros2_homework1_python
[0.902s] writing list of installed files to '/home/gabe/cs460_proj3/build/webots_ros2_homework1_python/install.log'
[0.927s] Invoked command in '/home/gabe/cs460_proj3/webots_ros2_homework1_python' returned '0': PYTHONPATH=/home/gabe/cs460_proj3/build/webots_ros2_homework1_python/prefix_override:/usr/lib/python3/dist-packages/colcon_core/task/python/colcon_distutils_commands:/home/gabe/cs460_proj3/install/webots_ros2_homework1_python/lib/python3.10/site-packages:${PYTHONPATH} /usr/bin/python3 -W ignore:setup.py install is deprecated setup.py egg_info --egg-base ../build/webots_ros2_homework1_python build --build-base /home/gabe/cs460_proj3/build/webots_ros2_homework1_python/build install --record /home/gabe/cs460_proj3/build/webots_ros2_homework1_python/install.log --single-version-externally-managed install_data
